// Jest Snapshot v1, https://goo.gl/fbAQLP

exports[`ListingEditorDialog renders 1`] = `"<cdx-dialog-stub title="Nottingham Castle" open="true" hidetitle="false" useclosebutton="true" closebuttonlabel="" defaultaction="[object Object]" stackedactions="false" renderinplace="true" class=""></cdx-dialog-stub>"`;
